2024-11-14 18:31:57.759042: ZeroDivisionError: division by zero
2024-11-14 18:31:57.759112: KeyError: 'c'
2024-11-14 18:31:57.759146: FileNotFoundError: [Errno 2] No such file or directory: 'nonexistent_file.txt'
2024-12-02 10:09:37.651664: ZeroDivisionError: division by zero
2024-12-02 10:09:37.651737: KeyError: 'c'
2024-12-02 10:09:37.651778: FileNotFoundError: [Errno 2] No such file or directory: 'nonexistent_file.txt'
2024-12-02 10:09:38.988538: ZeroDivisionError: division by zero
2024-12-02 10:09:38.988628: KeyError: 'c'
2024-12-02 10:09:38.988676: FileNotFoundError: [Errno 2] No such file or directory: 'nonexistent_file.txt'
2024-12-02 10:09:39.882903: ZeroDivisionError: division by zero
2024-12-02 10:09:39.883000: KeyError: 'c'
2024-12-02 10:09:39.883264: FileNotFoundError: [Errno 2] No such file or directory: 'nonexistent_file.txt'
2024-12-02 10:12:01.603764: ZeroDivisionError: division by zero
2024-12-02 10:12:01.603960: KeyError: 'c'
2024-12-02 10:12:01.603997: FileNotFoundError: [Errno 2] No such file or directory: 'nonexistent_file.txt'
2024-12-03 10:29:20.933254: ZeroDivisionError: division by zero
2024-12-03 10:29:20.933320: KeyError: 'c'
2024-12-03 10:29:20.933362: FileNotFoundError: [Errno 2] No such file or directory: 'nonexistent_file.txt'
2024-12-03 10:29:22.228217: ZeroDivisionError: division by zero
2024-12-03 10:29:22.228301: KeyError: 'c'
2024-12-03 10:29:22.228341: FileNotFoundError: [Errno 2] No such file or directory: 'nonexistent_file.txt'
2024-12-03 10:29:22.840892: ZeroDivisionError: division by zero
2024-12-03 10:29:22.840983: KeyError: 'c'
2024-12-03 10:29:22.841044: FileNotFoundError: [Errno 2] No such file or directory: 'nonexistent_file.txt'
2024-12-03 10:29:23.282206: ZeroDivisionError: division by zero
2024-12-03 10:29:23.282317: KeyError: 'c'
2024-12-03 10:29:23.282564: FileNotFoundError: [Errno 2] No such file or directory: 'nonexistent_file.txt'
2024-12-03 10:29:23.701228: ZeroDivisionError: division by zero
2024-12-03 10:29:23.701319: KeyError: 'c'
2024-12-03 10:29:23.701364: FileNotFoundError: [Errno 2] No such file or directory: 'nonexistent_file.txt'
